01:28:49 meter: ok
01:28:49 --- soak start, 4 uur, budget 3 betaalde aanroepen ---
01:28:49 {"hidden":false,"playing":true,"expected":true,"track":"5Zv2Icw3","pos":14,"dur":160,"src":"background-return-playing","err":"","fase":"COUNTING","tel":0,"gespeeld":0,"gemist":0,"miss":"","ducked":false,"speaking":false,"paid":0,"geweigerd":0,"breaks":0,"waarschuwingen":1,"laatste":"audio.native-shell-probe"}
01:29:09 {"hidden":false,"playing":true,"expected":true,"track":"5Zv2Icw3","pos":30,"dur":160,"src":"sdk","err":"","fase":"COUNTING","tel":0,"gespeeld":0,"gemist":0,"miss":"","ducked":false,"speaking":false,"paid":0,"geweigerd":0,"breaks":0,"waarschuwingen":1,"laatste":"audio.native-shell-probe"}
01:30:49 {"hidden":false,"playing":true,"expected":true,"track":"5Zv2Icw3","pos":138,"dur":160,"src":"sdk","err":"","fase":"COUNTING","tel":0,"gespeeld":0,"gemist":0,"miss":"","ducked":false,"speaking":false,"paid":0,"geweigerd":0,"breaks":0,"waarschuwingen":1,"laatste":"audio.native-shell-probe"}
01:31:09 {"hidden":false,"playing":true,"expected":true,"track":"0isizAo7","pos":0,"dur":150,"src":"primary-natural-auto","err":"","fase":"COUNTING","tel":1,"gespeeld":0,"gemist":0,"miss":"","ducked":false,"speaking":false,"paid":0,"geweigerd":0,"breaks":0,"waarschuwingen":1,"laatste":"audio.native-shell-probe"}
01:31:29 {"hidden":false,"playing":true,"expected":true,"track":"0isizAo7","pos":1,"dur":150,"src":"sdk","err":"","fase":"COUNTING","tel":1,"gespeeld":0,"gemist":0,"miss":"","ducked":false,"speaking":false,"paid":0,"geweigerd":0,"breaks":0,"waarschuwingen":1,"laatste":"audio.native-shell-probe"}
01:31:49 {"hidden":false,"playing":true,"expected":true,"track":"0isizAo7","pos":30,"dur":150,"src":"sdk","err":"","fase":"COUNTING","tel":1,"gespeeld":0,"gemist":0,"miss":"","ducked":false,"speaking":false,"paid":0,"geweigerd":0,"breaks":0,"waarschuwingen":1,"laatste":"audio.native-shell-probe"}
01:33:29 {"hidden":false,"playing":true,"expected":true,"track":"0isizAo7","pos":128,"dur":150,"src":"sdk","err":"","fase":"COUNTING","tel":1,"gespeeld":0,"gemist":0,"miss":"","ducked":false,"speaking":false,"paid":0,"geweigerd":0,"breaks":0,"waarschuwingen":1,"laatste":"audio.native-shell-probe"}
01:33:49 {"hidden":false,"playing":true,"expected":true,"track":"6GhAQffy","pos":9,"dur":146,"src":"sdk","err":"","fase":"ARMED","tel":2,"gespeeld":0,"gemist":0,"miss":"","ducked":false,"speaking":false,"paid":2,"geweigerd":0,"breaks":0,"waarschuwingen":2,"laatste":"trace.spotify.context-retry"}
01:34:09 {"hidden":false,"playing":true,"expected":true,"track":"6GhAQffy","pos":30,"dur":146,"src":"sdk","err":"","fase":"ARMED","tel":2,"gespeeld":0,"gemist":0,"miss":"","ducked":false,"speaking":false,"paid":2,"geweigerd":0,"breaks":0,"waarschuwingen":2,"laatste":"trace.spotify.context-retry"}
01:34:29 {"hidden":false,"playing":true,"expected":true,"track":"6GhAQffy","pos":51,"dur":146,"src":"sdk","err":"","fase":"ARMED","tel":2,"gespeeld":0,"gemist":0,"miss":"","ducked":false,"speaking":false,"paid":2,"geweigerd":0,"breaks":0,"waarschuwingen":2,"laatste":"trace.spotify.context-retry"}
01:34:49 {"hidden":false,"playing":true,"expected":true,"track":"6GhAQffy","pos":70,"dur":146,"src":"sdk","err":"","fase":"ARMED","tel":2,"gespeeld":0,"gemist":0,"miss":"","ducked":false,"speaking":false,"paid":2,"geweigerd":0,"breaks":0,"waarschuwingen":2,"laatste":"trace.spotify.context-retry"}
01:35:09 {"hidden":false,"playing":true,"expected":true,"track":"6GhAQffy","pos":88,"dur":146,"src":"sdk","err":"","fase":"ARMED","tel":2,"gespeeld":0,"gemist":0,"miss":"","ducked":false,"speaking":false,"paid":2,"geweigerd":0,"breaks":0,"waarschuwingen":2,"laatste":"trace.spotify.context-retry"}
01:35:29 {"hidden":false,"playing":true,"expected":true,"track":"6GhAQffy","pos":111,"dur":146,"src":"sdk","err":"","fase":"ARMED","tel":2,"gespeeld":0,"gemist":0,"miss":"","ducked":false,"speaking":false,"paid":2,"geweigerd":0,"breaks":0,"waarschuwingen":2,"laatste":"trace.spotify.context-retry"}
01:35:49 {"hidden":false,"playing":true,"expected":true,"track":"6GhAQffy","pos":130,"dur":146,"src":"sdk","err":"","fase":"ARMED","tel":2,"gespeeld":0,"gemist":0,"miss":"","ducked":false,"speaking":false,"paid":2,"geweigerd":0,"breaks":0,"waarschuwingen":2,"laatste":"trace.spotify.context-retry"}
01:36:09 {"hidden":false,"playing":true,"expected":true,"track":"3Qa2HE3G","pos":1,"dur":208,"src":"sdk","err":"","fase":"SPEAKING","tel":2,"gespeeld":0,"gemist":0,"miss":"","ducked":true,"speaking":false,"paid":2,"geweigerd":0,"breaks":1,"waarschuwingen":2,"laatste":"trace.spotify.context-retry"}
01:36:29 {"hidden":false,"playing":true,"expected":true,"track":"3Qa2HE3G","pos":1,"dur":208,"src":"sdk","err":"","fase":"COUNTING","tel":0,"gespeeld":1,"gemist":0,"miss":"","ducked":false,"speaking":false,"paid":2,"geweigerd":0,"breaks":1,"waarschuwingen":2,"laatste":"trace.spotify.context-retry"}
01:36:49 {"hidden":false,"playing":true,"expected":true,"track":"3Qa2HE3G","pos":30,"dur":208,"src":"sdk","err":"","fase":"COUNTING","tel":0,"gespeeld":1,"gemist":0,"miss":"","ducked":false,"speaking":false,"paid":2,"geweigerd":0,"breaks":1,"waarschuwingen":2,"laatste":"trace.spotify.context-retry"}
01:39:29 {"hidden":false,"playing":true,"expected":true,"track":"3Qa2HE3G","pos":188,"dur":208,"src":"sdk","err":"","fase":"COUNTING","tel":0,"gespeeld":1,"gemist":0,"miss":"","ducked":false,"speaking":false,"paid":2,"geweigerd":0,"breaks":1,"waarschuwingen":2,"laatste":"trace.spotify.context-retry"}
01:39:49 {"hidden":false,"playing":true,"expected":true,"track":"3z1qPPLW","pos":1,"dur":174,"src":"sdk","err":"","fase":"COUNTING","tel":1,"gespeeld":1,"gemist":0,"miss":"","ducked":false,"speaking":false,"paid":2,"geweigerd":0,"breaks":1,"waarschuwingen":3,"laatste":"trace.spotify.context-retry"}
01:40:09 {"hidden":false,"playing":true,"expected":true,"track":"3z1qPPLW","pos":30,"dur":174,"src":"sdk","err":"","fase":"COUNTING","tel":1,"gespeeld":1,"gemist":0,"miss":"","ducked":false,"speaking":false,"paid":2,"geweigerd":0,"breaks":1,"waarschuwingen":3,"laatste":"trace.spotify.context-retry"}
01:42:29 {"hidden":false,"playing":true,"expected":true,"track":"5TV7JnCT","pos":1,"dur":163,"src":"sdk","err":"","fase":"COUNTING","tel":2,"gespeeld":1,"gemist":0,"miss":"","ducked":false,"speaking":false,"paid":2,"geweigerd":0,"breaks":1,"waarschuwingen":4,"laatste":"trace.spotify.context-retry"}
01:43:10 {"hidden":false,"playing":true,"expected":true,"track":"5TV7JnCT","pos":30,"dur":163,"src":"sdk","err":"","fase":"COUNTING","tel":2,"gespeeld":1,"gemist":0,"miss":"","ducked":false,"speaking":false,"paid":2,"geweigerd":0,"breaks":1,"waarschuwingen":4,"laatste":"trace.spotify.context-retry"}
01:45:10 {"hidden":false,"playing":true,"expected":true,"track":"7tICCrK3","pos":0,"dur":209,"src":"primary-natural-auto","err":"","fase":"PREPARING","tel":3,"gespeeld":1,"gemist":0,"miss":"","ducked":false,"speaking":false,"paid":2,"geweigerd":0,"breaks":1,"waarschuwingen":5,"laatste":"trace.spotify.context-retry"}
01:45:30 {"hidden":false,"playing":true,"expected":true,"track":"7tICCrK3","pos":1,"dur":209,"src":"sdk","err":"","fase":"COUNTING","tel":3,"gespeeld":1,"gemist":0,"miss":"","ducked":false,"speaking":false,"paid":2,"geweigerd":0,"breaks":1,"waarschuwingen":5,"laatste":"trace.spotify.context-retry"}
01:45:50 {"hidden":false,"playing":true,"expected":true,"track":"7tICCrK3","pos":30,"dur":209,"src":"sdk","err":"","fase":"COUNTING","tel":3,"gespeeld":1,"gemist":0,"miss":"","ducked":false,"speaking":false,"paid":2,"geweigerd":0,"breaks":1,"waarschuwingen":5,"laatste":"trace.spotify.context-retry"}
01:48:30 {"hidden":false,"playing":true,"expected":true,"track":"7tICCrK3","pos":188,"dur":209,"src":"sdk","err":"","fase":"COUNTING","tel":3,"gespeeld":1,"gemist":0,"miss":"","ducked":false,"speaking":false,"paid":2,"geweigerd":0,"breaks":1,"waarschuwingen":5,"laatste":"trace.spotify.context-retry"}
01:48:50 {"hidden":false,"playing":true,"expected":true,"track":"3fmQLmDf","pos":1,"dur":162,"src":"sdk","err":"","fase":"COUNTING","tel":4,"gespeeld":1,"gemist":0,"miss":"","ducked":false,"speaking":false,"paid":2,"geweigerd":0,"breaks":1,"waarschuwingen":6,"laatste":"trace.spotify.context-retry"}
01:49:10 {"hidden":false,"playing":true,"expected":true,"track":"3fmQLmDf","pos":30,"dur":162,"src":"sdk","err":"","fase":"COUNTING","tel":4,"gespeeld":1,"gemist":0,"miss":"","ducked":false,"speaking":false,"paid":2,"geweigerd":0,"breaks":1,"waarschuwingen":6,"laatste":"trace.spotify.context-retry"}
01:51:10 {"hidden":false,"playing":true,"expected":true,"track":"3fmQLmDf","pos":148,"dur":162,"src":"sdk","err":"","fase":"COUNTING","tel":4,"gespeeld":1,"gemist":0,"miss":"","ducked":false,"speaking":false,"paid":2,"geweigerd":0,"breaks":1,"waarschuwingen":6,"laatste":"trace.spotify.context-retry"}
01:51:30 {"hidden":false,"playing":true,"expected":true,"track":"4A56h4B9","pos":1,"dur":135,"src":"sdk","err":"","fase":"COUNTING","tel":5,"gespeeld":1,"gemist":0,"miss":"","ducked":false,"speaking":false,"paid":3,"geweigerd":1,"breaks":1,"waarschuwingen":12,"laatste":"dj.break-terminal"}
01:52:10 {"hidden":false,"playing":true,"expected":true,"track":"4A56h4B9","pos":30,"dur":135,"src":"sdk","err":"","fase":"COUNTING","tel":5,"gespeeld":1,"gemist":0,"miss":"","ducked":false,"speaking":false,"paid":3,"geweigerd":1,"breaks":1,"waarschuwingen":12,"laatste":"dj.break-terminal"}
01:53:30 {"hidden":false,"playing":true,"expected":true,"track":"4A56h4B9","pos":118,"dur":135,"src":"sdk","err":"","fase":"COUNTING","tel":5,"gespeeld":1,"gemist":0,"miss":"","ducked":false,"speaking":false,"paid":3,"geweigerd":1,"breaks":1,"waarschuwingen":12,"laatste":"dj.break-terminal"}
01:53:50 {"hidden":false,"playing":true,"expected":true,"track":"5GmoIA9y","pos":1,"dur":157,"src":"sdk","err":"","fase":"COUNTING","tel":6,"gespeeld":1,"gemist":0,"miss":"","ducked":false,"speaking":false,"paid":3,"geweigerd":3,"breaks":1,"waarschuwingen":20,"laatste":"dj.break-terminal"}
01:54:10 {"hidden":false,"playing":true,"expected":true,"track":"5GmoIA9y","pos":30,"dur":157,"src":"sdk","err":"","fase":"COUNTING","tel":6,"gespeeld":1,"gemist":0,"miss":"","ducked":false,"speaking":false,"paid":3,"geweigerd":3,"breaks":1,"waarschuwingen":20,"laatste":"dj.break-terminal"}
01:56:10 {"hidden":false,"playing":true,"expected":true,"track":"5GmoIA9y","pos":138,"dur":157,"src":"sdk","err":"","fase":"COUNTING","tel":6,"gespeeld":1,"gemist":0,"miss":"","ducked":false,"speaking":false,"paid":3,"geweigerd":3,"breaks":1,"waarschuwingen":20,"laatste":"dj.break-terminal"}
01:56:30 {"hidden":false,"playing":true,"expected":true,"track":"0HWjXL4l","pos":1,"dur":155,"src":"sdk","err":"","fase":"COUNTING","tel":7,"gespeeld":1,"gemist":0,"miss":"","ducked":false,"speaking":false,"paid":3,"geweigerd":5,"breaks":1,"waarschuwingen":28,"laatste":"dj.break-terminal"}
01:56:50 {"hidden":false,"playing":true,"expected":true,"track":"0HWjXL4l","pos":30,"dur":155,"src":"sdk","err":"","fase":"COUNTING","tel":7,"gespeeld":1,"gemist":0,"miss":"","ducked":false,"speaking":false,"paid":3,"geweigerd":5,"breaks":1,"waarschuwingen":28,"laatste":"dj.break-terminal"}
01:58:30 >>> scherm uit
02:04:30 verborgen einde: {"hidden":true,"playing":true,"expected":true,"track":"0u0h9KWJ","pos":158,"dur":171,"src":"sdk","err":"","fase":"COUNTING","tel":0,"gespeeld":1,"gemist":1,"miss":"transition-external_change","ducked":false,"speaking":false,"paid":3,"geweigerd":5,"breaks":1,"waarschuwingen":28,"laatste":"dj.break-terminal"}
02:04:30 <<< scherm aan
02:04:50 {"hidden":false,"playing":true,"expected":true,"track":"3ouNEk0t","pos":1,"dur":159,"src":"sdk","err":"","fase":"COUNTING","tel":1,"gespeeld":1,"gemist":1,"miss":"transition-external_change","ducked":false,"speaking":false,"paid":3,"geweigerd":5,"breaks":1,"waarschuwingen":28,"laatste":"dj.break-terminal"}
02:05:10 {"hidden":false,"playing":true,"expected":true,"track":"3ouNEk0t","pos":30,"dur":159,"src":"sdk","err":"","fase":"COUNTING","tel":1,"gespeeld":1,"gemist":1,"miss":"transition-external_change","ducked":false,"speaking":false,"paid":3,"geweigerd":5,"breaks":1,"waarschuwingen":28,"laatste":"dj.break-terminal"}
02:07:10 {"hidden":false,"playing":true,"expected":true,"track":"3ouNEk0t","pos":138,"dur":158,"src":"sdk","err":"","fase":"COUNTING","tel":1,"gespeeld":1,"gemist":1,"miss":"transition-external_change","ducked":false,"speaking":false,"paid":3,"geweigerd":5,"breaks":1,"waarschuwingen":28,"laatste":"dj.break-terminal"}
02:07:30 {"hidden":false,"playing":true,"expected":true,"track":"6Bd6dcMI","pos":1,"dur":157,"src":"sdk","err":"","fase":"COUNTING","tel":2,"gespeeld":1,"gemist":1,"miss":"transition-external_change","ducked":false,"speaking":false,"paid":3,"geweigerd":7,"breaks":1,"waarschuwingen":36,"laatste":"dj.break-terminal"}
02:07:50 {"hidden":false,"playing":true,"expected":true,"track":"6Bd6dcMI","pos":30,"dur":157,"src":"sdk","err":"","fase":"COUNTING","tel":2,"gespeeld":1,"gemist":1,"miss":"transition-external_change","ducked":false,"speaking":false,"paid":3,"geweigerd":7,"breaks":1,"waarschuwingen":36,"laatste":"dj.break-terminal"}
